tag <p2> ok
tag <p1> ok
0 errors
